../Core/Src/main.c:88:6:LED_Red_On	8	static
../Core/Src/main.c:89:6:LED_Red_Off	8	static
../Core/Src/main.c:90:6:LED_Blue_On	8	static
../Core/Src/main.c:91:6:LED_Blue_Off	8	static
../Core/Src/main.c:92:6:LED_Green_On	8	static
../Core/Src/main.c:93:6:LED_Green_Off	8	static
../Core/Src/main.c:96:6:transmitState	16	static
../Core/Src/main.c:103:6:transmitPeriod	16	static
../Core/Src/main.c:110:6:processCommand	16	static
../Core/Src/main.c:149:5:main	24	static
../Core/Src/main.c:305:6:SystemClock_Config	96	static
../Core/Src/main.c:356:13:MX_LPUART1_UART_Init	8	static
../Core/Src/main.c:404:13:MX_USART3_UART_Init	8	static
../Core/Src/main.c:452:13:MX_USB_OTG_FS_PCD_Init	8	static
../Core/Src/main.c:485:13:MX_DMA_Init	16	static
../Core/Src/main.c:507:13:MX_GPIO_Init	56	static
../Core/Src/main.c:576:6:Error_Handler	4	static,ignoring_inline_asm
