../Core/Src/main.c:90:6:LED_Red_On	1
../Core/Src/main.c:91:6:LED_Red_Off	1
../Core/Src/main.c:93:6:LED_Blue_On	1
../Core/Src/main.c:94:6:LED_Blue_Off	1
../Core/Src/main.c:95:6:LED_Green_On	1
../Core/Src/main.c:96:6:LED_Green_Off	1
../Core/Src/main.c:99:6:transmitState	2
../Core/Src/main.c:106:6:transmitPeriod	2
../Core/Src/main.c:113:6:transmitStateLed	4
../Core/Src/main.c:130:6:processCommand	9
../Core/Src/main.c:170:5:main	34
../Core/Src/main.c:344:6:SystemClock_Config	4
../Core/Src/main.c:395:13:MX_LPUART1_UART_Init	5
../Core/Src/main.c:443:13:MX_USART3_UART_Init	5
../Core/Src/main.c:491:13:MX_USB_OTG_FS_PCD_Init	2
../Core/Src/main.c:524:13:MX_DMA_Init	1
../Core/Src/main.c:546:13:MX_GPIO_Init	1
../Core/Src/main.c:615:6:Error_Handler	1
