../Core/Src/main.c:85:6:LED_Red_On	8	static
../Core/Src/main.c:86:6:LED_Red_Off	8	static
../Core/Src/main.c:87:6:LED_Blue_On	8	static
../Core/Src/main.c:88:6:LED_Blue_Off	8	static
../Core/Src/main.c:89:6:LED_Green_On	8	static
../Core/Src/main.c:90:6:LED_Green_Off	8	static
../Core/Src/main.c:93:6:transmitState	16	static
../Core/Src/main.c:100:6:transmitPeriod	16	static
../Core/Src/main.c:107:6:processCommand	16	static
../Core/Src/main.c:140:5:main	24	static
../Core/Src/main.c:290:6:SystemClock_Config	96	static
../Core/Src/main.c:341:13:MX_LPUART1_UART_Init	8	static
../Core/Src/main.c:389:13:MX_USART3_UART_Init	8	static
../Core/Src/main.c:437:13:MX_USB_OTG_FS_PCD_Init	8	static
../Core/Src/main.c:470:13:MX_DMA_Init	16	static
../Core/Src/main.c:492:13:MX_GPIO_Init	56	static
../Core/Src/main.c:561:6:Error_Handler	4	static,ignoring_inline_asm
