16:58:55 **** Build of configuration Debug for project project ****
make -j8 all 
arm-none-eabi-gcc "../Drivers/STM32L4xx_HAL_Driver/Src/stm32l4xx_hal.c" -mcpu=cortex-m4 -std=gnu11 -g3 -DDEBUG -DUSE_HAL_DRIVER -DSTM32L4R5xx -c -I../Core/Inc -I../Drivers/STM32L4xx_HAL_Driver/Inc -I../Drivers/STM32L4xx_HAL_Driver/Inc/Legacy -I../Drivers/CMSIS/Device/ST/STM32L4xx/Include -I../Drivers/CMSIS/Include -O0 -ffunction-sections -fdata-sections -Wall -fstack-usage -fcyclomatic-complexity -MMD -MP -MF"Drivers/STM32L4xx_HAL_Driver/Src/stm32l4xx_hal.d" -MT"Drivers/STM32L4xx_HAL_Driver/Src/stm32l4xx_hal.o" --specs=nano.specs -mfpu=fpv4-sp-d16 -mfloat-abi=hard -mthumb -o "Drivers/STM32L4xx_HAL_Driver/Src/stm32l4xx_hal.o"
arm-none-eabi-gcc "../Drivers/STM32L4xx_HAL_Driver/Src/stm32l4xx_hal_cortex.c" -mcpu=cortex-m4 -std=gnu11 -g3 -DDEBUG -DUSE_HAL_DRIVER -DSTM32L4R5xx -c -I../Core/Inc -I../Drivers/STM32L4xx_HAL_Driver/Inc -I../Drivers/STM32L4xx_HAL_Driver/Inc/Legacy -I../Drivers/CMSIS/Device/ST/STM32L4xx/Include -I../Drivers/CMSIS/Include -O0 -ffunction-sections -fdata-sections -Wall -fstack-usage -fcyclomatic-complexity -MMD -MP -MF"Drivers/STM32L4xx_HAL_Driver/Src/stm32l4xx_hal_cortex.d" -MT"Drivers/STM32L4xx_HAL_Driver/Src/stm32l4xx_hal_cortex.o" --specs=nano.specs -mfpu=fpv4-sp-d16 -mfloat-abi=hard -mthumb -o "Drivers/STM32L4xx_HAL_Driver/Src/stm32l4xx_hal_cortex.o"
arm-none-eabi-gcc "../Drivers/STM32L4xx_HAL_Driver/Src/stm32l4xx_hal_dma.c" -mcpu=cortex-m4 -std=gnu11 -g3 -DDEBUG -DUSE_HAL_DRIVER -DSTM32L4R5xx -c -I../Core/Inc -I../Drivers/STM32L4xx_HAL_Driver/Inc -I../Drivers/STM32L4xx_HAL_Driver/Inc/Legacy -I../Drivers/CMSIS/Device/ST/STM32L4xx/Include -I../Drivers/CMSIS/Include -O0 -ffunction-sections -fdata-sections -Wall -fstack-usage -fcyclomatic-complexity -MMD -MP -MF"Drivers/STM32L4xx_HAL_Driver/Src/stm32l4xx_hal_dma.d" -MT"Drivers/STM32L4xx_HAL_Driver/Src/stm32l4xx_hal_dma.o" --specs=nano.specs -mfpu=fpv4-sp-d16 -mfloat-abi=hard -mthumb -o "Drivers/STM32L4xx_HAL_Driver/Src/stm32l4xx_hal_dma.o"
arm-none-eabi-gcc "../Drivers/STM32L4xx_HAL_Driver/Src/stm32l4xx_hal_dma_ex.c" -mcpu=cortex-m4 -std=gnu11 -g3 -DDEBUG -DUSE_HAL_DRIVER -DSTM32L4R5xx -c -I../Core/Inc -I../Drivers/STM32L4xx_HAL_Driver/Inc -I../Drivers/STM32L4xx_HAL_Driver/Inc/Legacy -I../Drivers/CMSIS/Device/ST/STM32L4xx/Include -I../Drivers/CMSIS/Include -O0 -ffunction-sections -fdata-sections -Wall -fstack-usage -fcyclomatic-complexity -MMD -MP -MF"Drivers/STM32L4xx_HAL_Driver/Src/stm32l4xx_hal_dma_ex.d" -MT"Drivers/STM32L4xx_HAL_Driver/Src/stm32l4xx_hal_dma_ex.o" --specs=nano.specs -mfpu=fpv4-sp-d16 -mfloat-abi=hard -mthumb -o "Drivers/STM32L4xx_HAL_Driver/Src/stm32l4xx_hal_dma_ex.o"
arm-none-eabi-gcc "../Drivers/STM32L4xx_HAL_Driver/Src/stm32l4xx_hal_exti.c" -mcpu=cortex-m4 -std=gnu11 -g3 -DDEBUG -DUSE_HAL_DRIVER -DSTM32L4R5xx -c -I../Core/Inc -I../Drivers/STM32L4xx_HAL_Driver/Inc -I../Drivers/STM32L4xx_HAL_Driver/Inc/Legacy -I../Drivers/CMSIS/Device/ST/STM32L4xx/Include -I../Drivers/CMSIS/Include -O0 -ffunction-sections -fdata-sections -Wall -fstack-usage -fcyclomatic-complexity -MMD -MP -MF"Drivers/STM32L4xx_HAL_Driver/Src/stm32l4xx_hal_exti.d" -MT"Drivers/STM32L4xx_HAL_Driver/Src/stm32l4xx_hal_exti.o" --specs=nano.specs -mfpu=fpv4-sp-d16 -mfloat-abi=hard -mthumb -o "Drivers/STM32L4xx_HAL_Driver/Src/stm32l4xx_hal_exti.o"
arm-none-eabi-gcc "../Drivers/STM32L4xx_HAL_Driver/Src/stm32l4xx_hal_flash.c" -mcpu=cortex-m4 -std=gnu11 -g3 -DDEBUG -DUSE_HAL_DRIVER -DSTM32L4R5xx -c -I../Core/Inc -I../Drivers/STM32L4xx_HAL_Driver/Inc -I../Drivers/STM32L4xx_HAL_Driver/Inc/Legacy -I../Drivers/CMSIS/Device/ST/STM32L4xx/Include -I../Drivers/CMSIS/Include -O0 -ffunction-sections -fdata-sections -Wall -fstack-usage -fcyclomatic-complexity -MMD -MP -MF"Drivers/STM32L4xx_HAL_Driver/Src/stm32l4xx_hal_flash.d" -MT"Drivers/STM32L4xx_HAL_Driver/Src/stm32l4xx_hal_flash.o" --specs=nano.specs -mfpu=fpv4-sp-d16 -mfloat-abi=hard -mthumb -o "Drivers/STM32L4xx_HAL_Driver/Src/stm32l4xx_hal_flash.o"
arm-none-eabi-gcc "../Drivers/STM32L4xx_HAL_Driver/Src/stm32l4xx_hal_flash_ex.c" -mcpu=cortex-m4 -std=gnu11 -g3 -DDEBUG -DUSE_HAL_DRIVER -DSTM32L4R5xx -c -I../Core/Inc -I../Drivers/STM32L4xx_HAL_Driver/Inc -I../Drivers/STM32L4xx_HAL_Driver/Inc/Legacy -I../Drivers/CMSIS/Device/ST/STM32L4xx/Include -I../Drivers/CMSIS/Include -O0 -ffunction-sections -fdata-sections -Wall -fstack-usage -fcyclomatic-complexity -MMD -MP -MF"Drivers/STM32L4xx_HAL_Driver/Src/stm32l4xx_hal_flash_ex.d" -MT"Drivers/STM32L4xx_HAL_Driver/Src/stm32l4xx_hal_flash_ex.o" --specs=nano.specs -mfpu=fpv4-sp-d16 -mfloat-abi=hard -mthumb -o "Drivers/STM32L4xx_HAL_Driver/Src/stm32l4xx_hal_flash_ex.o"
arm-none-eabi-gcc "../Drivers/STM32L4xx_HAL_Driver/Src/stm32l4xx_hal_flash_ramfunc.c" -mcpu=cortex-m4 -std=gnu11 -g3 -DDEBUG -DUSE_HAL_DRIVER -DSTM32L4R5xx -c -I../Core/Inc -I../Drivers/STM32L4xx_HAL_Driver/Inc -I../Drivers/STM32L4xx_HAL_Driver/Inc/Legacy -I../Drivers/CMSIS/Device/ST/STM32L4xx/Include -I../Drivers/CMSIS/Include -O0 -ffunction-sections -fdata-sections -Wall -fstack-usage -fcyclomatic-complexity -MMD -MP -MF"Drivers/STM32L4xx_HAL_Driver/Src/stm32l4xx_hal_flash_ramfunc.d" -MT"Drivers/STM32L4xx_HAL_Driver/Src/stm32l4xx_hal_flash_ramfunc.o" --specs=nano.specs -mfpu=fpv4-sp-d16 -mfloat-abi=hard -mthumb -o "Drivers/STM32L4xx_HAL_Driver/Src/stm32l4xx_hal_flash_ramfunc.o"
arm-none-eabi-gcc "../Drivers/STM32L4xx_HAL_Driver/Src/stm32l4xx_hal_gpio.c" -mcpu=cortex-m4 -std=gnu11 -g3 -DDEBUG -DUSE_HAL_DRIVER -DSTM32L4R5xx -c -I../Core/Inc -I../Drivers/STM32L4xx_HAL_Driver/Inc -I../Drivers/STM32L4xx_HAL_Driver/Inc/Legacy -I../Drivers/CMSIS/Device/ST/STM32L4xx/Include -I../Drivers/CMSIS/Include -O0 -ffunction-sections -fdata-sections -Wall -fstack-usage -fcyclomatic-complexity -MMD -MP -MF"Drivers/STM32L4xx_HAL_Driver/Src/stm32l4xx_hal_gpio.d" -MT"Drivers/STM32L4xx_HAL_Driver/Src/stm32l4xx_hal_gpio.o" --specs=nano.specs -mfpu=fpv4-sp-d16 -mfloat-abi=hard -mthumb -o "Drivers/STM32L4xx_HAL_Driver/Src/stm32l4xx_hal_gpio.o"
arm-none-eabi-gcc "../Drivers/STM32L4xx_HAL_Driver/Src/stm32l4xx_hal_i2c.c" -mcpu=cortex-m4 -std=gnu11 -g3 -DDEBUG -DUSE_HAL_DRIVER -DSTM32L4R5xx -c -I../Core/Inc -I../Drivers/STM32L4xx_HAL_Driver/Inc -I../Drivers/STM32L4xx_HAL_Driver/Inc/Legacy -I../Drivers/CMSIS/Device/ST/STM32L4xx/Include -I../Drivers/CMSIS/Include -O0 -ffunction-sections -fdata-sections -Wall -fstack-usage -fcyclomatic-complexity -MMD -MP -MF"Drivers/STM32L4xx_HAL_Driver/Src/stm32l4xx_hal_i2c.d" -MT"Drivers/STM32L4xx_HAL_Driver/Src/stm32l4xx_hal_i2c.o" --specs=nano.specs -mfpu=fpv4-sp-d16 -mfloat-abi=hard -mthumb -o "Drivers/STM32L4xx_HAL_Driver/Src/stm32l4xx_hal_i2c.o"
arm-none-eabi-gcc "../Drivers/STM32L4xx_HAL_Driver/Src/stm32l4xx_hal_i2c_ex.c" -mcpu=cortex-m4 -std=gnu11 -g3 -DDEBUG -DUSE_HAL_DRIVER -DSTM32L4R5xx -c -I../Core/Inc -I../Drivers/STM32L4xx_HAL_Driver/Inc -I../Drivers/STM32L4xx_HAL_Driver/Inc/Legacy -I../Drivers/CMSIS/Device/ST/STM32L4xx/Include -I../Drivers/CMSIS/Include -O0 -ffunction-sections -fdata-sections -Wall -fstack-usage -fcyclomatic-complexity -MMD -MP -MF"Drivers/STM32L4xx_HAL_Driver/Src/stm32l4xx_hal_i2c_ex.d" -MT"Drivers/STM32L4xx_HAL_Driver/Src/stm32l4xx_hal_i2c_ex.o" --specs=nano.specs -mfpu=fpv4-sp-d16 -mfloat-abi=hard -mthumb -o "Drivers/STM32L4xx_HAL_Driver/Src/stm32l4xx_hal_i2c_ex.o"
arm-none-eabi-gcc "../Drivers/STM32L4xx_HAL_Driver/Src/stm32l4xx_hal_pcd.c" -mcpu=cortex-m4 -std=gnu11 -g3 -DDEBUG -DUSE_HAL_DRIVER -DSTM32L4R5xx -c -I../Core/Inc -I../Drivers/STM32L4xx_HAL_Driver/Inc -I../Drivers/STM32L4xx_HAL_Driver/Inc/Legacy -I../Drivers/CMSIS/Device/ST/STM32L4xx/Include -I../Drivers/CMSIS/Include -O0 -ffunction-sections -fdata-sections -Wall -fstack-usage -fcyclomatic-complexity -MMD -MP -MF"Drivers/STM32L4xx_HAL_Driver/Src/stm32l4xx_hal_pcd.d" -MT"Drivers/STM32L4xx_HAL_Driver/Src/stm32l4xx_hal_pcd.o" --specs=nano.specs -mfpu=fpv4-sp-d16 -mfloat-abi=hard -mthumb -o "Drivers/STM32L4xx_HAL_Driver/Src/stm32l4xx_hal_pcd.o"
arm-none-eabi-gcc "../Drivers/STM32L4xx_HAL_Driver/Src/stm32l4xx_hal_pcd_ex.c" -mcpu=cortex-m4 -std=gnu11 -g3 -DDEBUG -DUSE_HAL_DRIVER -DSTM32L4R5xx -c -I../Core/Inc -I../Drivers/STM32L4xx_HAL_Driver/Inc -I../Drivers/STM32L4xx_HAL_Driver/Inc/Legacy -I../Drivers/CMSIS/Device/ST/STM32L4xx/Include -I../Drivers/CMSIS/Include -O0 -ffunction-sections -fdata-sections -Wall -fstack-usage -fcyclomatic-complexity -MMD -MP -MF"Drivers/STM32L4xx_HAL_Driver/Src/stm32l4xx_hal_pcd_ex.d" -MT"Drivers/STM32L4xx_HAL_Driver/Src/stm32l4xx_hal_pcd_ex.o" --specs=nano.specs -mfpu=fpv4-sp-d16 -mfloat-abi=hard -mthumb -o "Drivers/STM32L4xx_HAL_Driver/Src/stm32l4xx_hal_pcd_ex.o"
arm-none-eabi-gcc "../Drivers/STM32L4xx_HAL_Driver/Src/stm32l4xx_hal_pwr.c" -mcpu=cortex-m4 -std=gnu11 -g3 -DDEBUG -DUSE_HAL_DRIVER -DSTM32L4R5xx -c -I../Core/Inc -I../Drivers/STM32L4xx_HAL_Driver/Inc -I../Drivers/STM32L4xx_HAL_Driver/Inc/Legacy -I../Drivers/CMSIS/Device/ST/STM32L4xx/Include -I../Drivers/CMSIS/Include -O0 -ffunction-sections -fdata-sections -Wall -fstack-usage -fcyclomatic-complexity -MMD -MP -MF"Drivers/STM32L4xx_HAL_Driver/Src/stm32l4xx_hal_pwr.d" -MT"Drivers/STM32L4xx_HAL_Driver/Src/stm32l4xx_hal_pwr.o" --specs=nano.specs -mfpu=fpv4-sp-d16 -mfloat-abi=hard -mthumb -o "Drivers/STM32L4xx_HAL_Driver/Src/stm32l4xx_hal_pwr.o"
arm-none-eabi-gcc "../Drivers/STM32L4xx_HAL_Driver/Src/stm32l4xx_hal_pwr_ex.c" -mcpu=cortex-m4 -std=gnu11 -g3 -DDEBUG -DUSE_HAL_DRIVER -DSTM32L4R5xx -c -I../Core/Inc -I../Drivers/STM32L4xx_HAL_Driver/Inc -I../Drivers/STM32L4xx_HAL_Driver/Inc/Legacy -I../Drivers/CMSIS/Device/ST/STM32L4xx/Include -I../Drivers/CMSIS/Include -O0 -ffunction-sections -fdata-sections -Wall -fstack-usage -fcyclomatic-complexity -MMD -MP -MF"Drivers/STM32L4xx_HAL_Driver/Src/stm32l4xx_hal_pwr_ex.d" -MT"Drivers/STM32L4xx_HAL_Driver/Src/stm32l4xx_hal_pwr_ex.o" --specs=nano.specs -mfpu=fpv4-sp-d16 -mfloat-abi=hard -mthumb -o "Drivers/STM32L4xx_HAL_Driver/Src/stm32l4xx_hal_pwr_ex.o"
arm-none-eabi-gcc "../Drivers/STM32L4xx_HAL_Driver/Src/stm32l4xx_hal_rcc.c" -mcpu=cortex-m4 -std=gnu11 -g3 -DDEBUG -DUSE_HAL_DRIVER -DSTM32L4R5xx -c -I../Core/Inc -I../Drivers/STM32L4xx_HAL_Driver/Inc -I../Drivers/STM32L4xx_HAL_Driver/Inc/Legacy -I../Drivers/CMSIS/Device/ST/STM32L4xx/Include -I../Drivers/CMSIS/Include -O0 -ffunction-sections -fdata-sections -Wall -fstack-usage -fcyclomatic-complexity -MMD -MP -MF"Drivers/STM32L4xx_HAL_Driver/Src/stm32l4xx_hal_rcc.d" -MT"Drivers/STM32L4xx_HAL_Driver/Src/stm32l4xx_hal_rcc.o" --specs=nano.specs -mfpu=fpv4-sp-d16 -mfloat-abi=hard -mthumb -o "Drivers/STM32L4xx_HAL_Driver/Src/stm32l4xx_hal_rcc.o"
arm-none-eabi-gcc "../Drivers/STM32L4xx_HAL_Driver/Src/stm32l4xx_hal_rcc_ex.c" -mcpu=cortex-m4 -std=gnu11 -g3 -DDEBUG -DUSE_HAL_DRIVER -DSTM32L4R5xx -c -I../Core/Inc -I../Drivers/STM32L4xx_HAL_Driver/Inc -I../Drivers/STM32L4xx_HAL_Driver/Inc/Legacy -I../Drivers/CMSIS/Device/ST/STM32L4xx/Include -I../Drivers/CMSIS/Include -O0 -ffunction-sections -fdata-sections -Wall -fstack-usage -fcyclomatic-complexity -MMD -MP -MF"Drivers/STM32L4xx_HAL_Driver/Src/stm32l4xx_hal_rcc_ex.d" -MT"Drivers/STM32L4xx_HAL_Driver/Src/stm32l4xx_hal_rcc_ex.o" --specs=nano.specs -mfpu=fpv4-sp-d16 -mfloat-abi=hard -mthumb -o "Drivers/STM32L4xx_HAL_Driver/Src/stm32l4xx_hal_rcc_ex.o"
arm-none-eabi-gcc "../Drivers/STM32L4xx_HAL_Driver/Src/stm32l4xx_hal_uart.c" -mcpu=cortex-m4 -std=gnu11 -g3 -DDEBUG -DUSE_HAL_DRIVER -DSTM32L4R5xx -c -I../Core/Inc -I../Drivers/STM32L4xx_HAL_Driver/Inc -I../Drivers/STM32L4xx_HAL_Driver/Inc/Legacy -I../Drivers/CMSIS/Device/ST/STM32L4xx/Include -I../Drivers/CMSIS/Include -O0 -ffunction-sections -fdata-sections -Wall -fstack-usage -fcyclomatic-complexity -MMD -MP -MF"Drivers/STM32L4xx_HAL_Driver/Src/stm32l4xx_hal_uart.d" -MT"Drivers/STM32L4xx_HAL_Driver/Src/stm32l4xx_hal_uart.o" --specs=nano.specs -mfpu=fpv4-sp-d16 -mfloat-abi=hard -mthumb -o "Drivers/STM32L4xx_HAL_Driver/Src/stm32l4xx_hal_uart.o"
arm-none-eabi-gcc "../Drivers/STM32L4xx_HAL_Driver/Src/stm32l4xx_hal_uart_ex.c" -mcpu=cortex-m4 -std=gnu11 -g3 -DDEBUG -DUSE_HAL_DRIVER -DSTM32L4R5xx -c -I../Core/Inc -I../Drivers/STM32L4xx_HAL_Driver/Inc -I../Drivers/STM32L4xx_HAL_Driver/Inc/Legacy -I../Drivers/CMSIS/Device/ST/STM32L4xx/Include -I../Drivers/CMSIS/Include -O0 -ffunction-sections -fdata-sections -Wall -fstack-usage -fcyclomatic-complexity -MMD -MP -MF"Drivers/STM32L4xx_HAL_Driver/Src/stm32l4xx_hal_uart_ex.d" -MT"Drivers/STM32L4xx_HAL_Driver/Src/stm32l4xx_hal_uart_ex.o" --specs=nano.specs -mfpu=fpv4-sp-d16 -mfloat-abi=hard -mthumb -o "Drivers/STM32L4xx_HAL_Driver/Src/stm32l4xx_hal_uart_ex.o"
arm-none-eabi-gcc "../Drivers/STM32L4xx_HAL_Driver/Src/stm32l4xx_ll_usb.c" -mcpu=cortex-m4 -std=gnu11 -g3 -DDEBUG -DUSE_HAL_DRIVER -DSTM32L4R5xx -c -I../Core/Inc -I../Drivers/STM32L4xx_HAL_Driver/Inc -I../Drivers/STM32L4xx_HAL_Driver/Inc/Legacy -I../Drivers/CMSIS/Device/ST/STM32L4xx/Include -I../Drivers/CMSIS/Include -O0 -ffunction-sections -fdata-sections -Wall -fstack-usage -fcyclomatic-complexity -MMD -MP -MF"Drivers/STM32L4xx_HAL_Driver/Src/stm32l4xx_ll_usb.d" -MT"Drivers/STM32L4xx_HAL_Driver/Src/stm32l4xx_ll_usb.o" --specs=nano.specs -mfpu=fpv4-sp-d16 -mfloat-abi=hard -mthumb -o "Drivers/STM32L4xx_HAL_Driver/Src/stm32l4xx_ll_usb.o"
arm-none-eabi-gcc -mcpu=cortex-m4 -g3 -DDEBUG -c -x assembler-with-cpp -MMD -MP -MF"Core/Startup/startup_stm32l4r5zitx.d" -MT"Core/Startup/startup_stm32l4r5zitx.o" --specs=nano.specs -mfpu=fpv4-sp-d16 -mfloat-abi=hard -mthumb -o "Core/Startup/startup_stm32l4r5zitx.o" "../Core/Startup/startup_stm32l4r5zitx.s"
arm-none-eabi-gcc "../Core/Src/main.c" -mcpu=cortex-m4 -std=gnu11 -g3 -DDEBUG -DUSE_HAL_DRIVER -DSTM32L4R5xx -c -I../Core/Inc -I../Drivers/STM32L4xx_HAL_Driver/Inc -I../Drivers/STM32L4xx_HAL_Driver/Inc/Legacy -I../Drivers/CMSIS/Device/ST/STM32L4xx/Include -I../Drivers/CMSIS/Include -O0 -ffunction-sections -fdata-sections -Wall -fstack-usage -fcyclomatic-complexity -MMD -MP -MF"Core/Src/main.d" -MT"Core/Src/main.o" --specs=nano.specs -mfpu=fpv4-sp-d16 -mfloat-abi=hard -mthumb -o "Core/Src/main.o"
arm-none-eabi-gcc "../Core/Src/stm32l4xx_hal_msp.c" -mcpu=cortex-m4 -std=gnu11 -g3 -DDEBUG -DUSE_HAL_DRIVER -DSTM32L4R5xx -c -I../Core/Inc -I../Drivers/STM32L4xx_HAL_Driver/Inc -I../Drivers/STM32L4xx_HAL_Driver/Inc/Legacy -I../Drivers/CMSIS/Device/ST/STM32L4xx/Include -I../Drivers/CMSIS/Include -O0 -ffunction-sections -fdata-sections -Wall -fstack-usage -fcyclomatic-complexity -MMD -MP -MF"Core/Src/stm32l4xx_hal_msp.d" -MT"Core/Src/stm32l4xx_hal_msp.o" --specs=nano.specs -mfpu=fpv4-sp-d16 -mfloat-abi=hard -mthumb -o "Core/Src/stm32l4xx_hal_msp.o"
../Core/Src/main.c: In function 'HAL_UART_TxCpltCallback':
../Core/Src/main.c:74:9: error: 'endT' undeclared (first use in this function)
   74 |         endT = HAL_GetTick();
      |         ^~~~
../Core/Src/main.c:74:9: note: each undeclared identifier is reported only once for each function it appears in
../Core/Src/main.c:76:9: error: 'blik_bool' undeclared (first use in this function)
   76 |         blik_bool = false;
      |         ^~~~~~~~~
../Core/Src/main.c:77:9: warning: implicit declaration of function 'sprintf' [-Wimplicit-function-declaration]
   77 |         sprintf(info,"Start: %08lu, time: %08lu, blick: %08lu",startT,endT-startT,counter);
      |         ^~~~~~~
../Core/Src/main.c:26:1: note: include '<stdio.h>' or provide a declaration of 'sprintf'
   25 | #include "string.h"
  +++ |+#include <stdio.h>
   26 | 
../Core/Src/main.c:77:9: warning: incompatible implicit declaration of built-in function 'sprintf' [-Wbuiltin-declaration-mismatch]
   77 |         sprintf(info,"Start: %08lu, time: %08lu, blick: %08lu",startT,endT-startT,counter);
      |         ^~~~~~~
../Core/Src/main.c:77:9: note: include '<stdio.h>' or provide a declaration of 'sprintf'
../Core/Src/main.c:77:17: error: 'info' undeclared (first use in this function)
   77 |         sprintf(info,"Start: %08lu, time: %08lu, blick: %08lu",startT,endT-startT,counter);
      |                 ^~~~
../Core/Src/main.c:77:64: error: 'startT' undeclared (first use in this function)
   77 |         sprintf(info,"Start: %08lu, time: %08lu, blick: %08lu",startT,endT-startT,counter);
      |                                                                ^~~~~~
../Core/Src/main.c:77:83: error: 'counter' undeclared (first use in this function)
   77 |         sprintf(info,"Start: %08lu, time: %08lu, blick: %08lu",startT,endT-startT,counter);
      |                                                                                   ^~~~~~~
../Core/Src/main.c: In function 'main':
../Core/Src/main.c:126:3: warning: incompatible implicit declaration of built-in function 'sprintf' [-Wbuiltin-declaration-mismatch]
  126 |   sprintf(str,"xkdmqwejzvbyluscfhotgnpraxmbtgfwcyzodslkejhvnupqairtmgxocdbzyvwnlkseqjfhurapxodcmgzytbnvkewsljqphurfa")
      |   ^~~~~~~
../Core/Src/main.c:126:3: note: include '<stdio.h>' or provide a declaration of 'sprintf'
../Core/Src/main.c:126:119: error: expected ';' before 'while'
  126 |   sprintf(str,"xkdmqwejzvbyluscfhotgnpraxmbtgfwcyzodslkejhvnupqairtmgxocdbzyvwnlkseqjfhurapxodcmgzytbnvkewsljqphurfa")
      |                                                                                                                       ^
      |                                                                                                                       ;
......
  136 |   while (1)
      |   ~~~~~                                                                                                                
../Core/Src/main.c:125:12: warning: unused variable 'endT' [-Wunused-variable]
  125 |   uint32_t endT=0;
      |            ^~~~
../Core/Src/main.c:124:12: warning: unused variable 'startT' [-Wunused-variable]
  124 |   uint32_t startT=0;
      |            ^~~~~~
../Core/Src/main.c:123:8: warning: unused variable 'info' [-Wunused-variable]
  123 |   char info[100];
      |        ^~~~
../Core/Src/main.c:121:8: warning: unused variable 'click' [-Wunused-variable]
  121 |   bool click=false;
      |        ^~~~~
../Core/Src/main.c:120:12: warning: unused variable 'counter' [-Wunused-variable]
  120 |   uint32_t counter=0;
      |            ^~~~~~~
arm-none-eabi-gcc "../Core/Src/stm32l4xx_it.c" -mcpu=cortex-m4 -std=gnu11 -g3 -DDEBUG -DUSE_HAL_DRIVER -DSTM32L4R5xx -c -I../Core/Inc -I../Drivers/STM32L4xx_HAL_Driver/Inc -I../Drivers/STM32L4xx_HAL_Driver/Inc/Legacy -I../Drivers/CMSIS/Device/ST/STM32L4xx/Include -I../Drivers/CMSIS/Include -O0 -ffunction-sections -fdata-sections -Wall -fstack-usage -fcyclomatic-complexity -MMD -MP -MF"Core/Src/stm32l4xx_it.d" -MT"Core/Src/stm32l4xx_it.o" --specs=nano.specs -mfpu=fpv4-sp-d16 -mfloat-abi=hard -mthumb -o "Core/Src/stm32l4xx_it.o"
arm-none-eabi-gcc "../Core/Src/syscalls.c" -mcpu=cortex-m4 -std=gnu11 -g3 -DDEBUG -DUSE_HAL_DRIVER -DSTM32L4R5xx -c -I../Core/Inc -I../Drivers/STM32L4xx_HAL_Driver/Inc -I../Drivers/STM32L4xx_HAL_Driver/Inc/Legacy -I../Drivers/CMSIS/Device/ST/STM32L4xx/Include -I../Drivers/CMSIS/Include -O0 -ffunction-sections -fdata-sections -Wall -fstack-usage -fcyclomatic-complexity -MMD -MP -MF"Core/Src/syscalls.d" -MT"Core/Src/syscalls.o" --specs=nano.specs -mfpu=fpv4-sp-d16 -mfloat-abi=hard -mthumb -o "Core/Src/syscalls.o"
arm-none-eabi-gcc "../Core/Src/sysmem.c" -mcpu=cortex-m4 -std=gnu11 -g3 -DDEBUG -DUSE_HAL_DRIVER -DSTM32L4R5xx -c -I../Core/Inc -I../Drivers/STM32L4xx_HAL_Driver/Inc -I../Drivers/STM32L4xx_HAL_Driver/Inc/Legacy -I../Drivers/CMSIS/Device/ST/STM32L4xx/Include -I../Drivers/CMSIS/Include -O0 -ffunction-sections -fdata-sections -Wall -fstack-usage -fcyclomatic-complexity -MMD -MP -MF"Core/Src/sysmem.d" -MT"Core/Src/sysmem.o" --specs=nano.specs -mfpu=fpv4-sp-d16 -mfloat-abi=hard -mthumb -o "Core/Src/sysmem.o"
arm-none-eabi-gcc "../Core/Src/system_stm32l4xx.c" -mcpu=cortex-m4 -std=gnu11 -g3 -DDEBUG -DUSE_HAL_DRIVER -DSTM32L4R5xx -c -I../Core/Inc -I../Drivers/STM32L4xx_HAL_Driver/Inc -I../Drivers/STM32L4xx_HAL_Driver/Inc/Legacy -I../Drivers/CMSIS/Device/ST/STM32L4xx/Include -I../Drivers/CMSIS/Include -O0 -ffunction-sections -fdata-sections -Wall -fstack-usage -fcyclomatic-complexity -MMD -MP -MF"Core/Src/system_stm32l4xx.d" -MT"Core/Src/system_stm32l4xx.o" --specs=nano.specs -mfpu=fpv4-sp-d16 -mfloat-abi=hard -mthumb -o "Core/Src/system_stm32l4xx.o"
make: *** [Core/Src/subdir.mk:34: Core/Src/main.o] Error 1
make: *** Waiting for unfinished jobs....
"make -j8 all" terminated with exit code 2. Build might be incomplete.
16:59:17 **** Incremental Build of configuration Debug for project project ****
make -j8 all 
arm-none-eabi-gcc "../Core/Src/main.c" -mcpu=cortex-m4 -std=gnu11 -g3 -DDEBUG -DUSE_HAL_DRIVER -DSTM32L4R5xx -c -I../Core/Inc -I../Drivers/STM32L4xx_HAL_Driver/Inc -I../Drivers/STM32L4xx_HAL_Driver/Inc/Legacy -I../Drivers/CMSIS/Device/ST/STM32L4xx/Include -I../Drivers/CMSIS/Include -O0 -ffunction-sections -fdata-sections -Wall -fstack-usage -fcyclomatic-complexity -MMD -MP -MF"Core/Src/main.d" -MT"Core/Src/main.o" --specs=nano.specs -mfpu=fpv4-sp-d16 -mfloat-abi=hard -mthumb -o "Core/Src/main.o"
../Core/Src/main.c: In function 'HAL_UART_TxCpltCallback':
../Core/Src/main.c:74:9: error: 'endT' undeclared (first use in this function)
   74 |         endT = HAL_GetTick();
      |         ^~~~
../Core/Src/main.c:74:9: note: each undeclared identifier is reported only once for each function it appears in
../Core/Src/main.c:76:9: error: 'blik_bool' undeclared (first use in this function)
   76 |         blik_bool = false;
      |         ^~~~~~~~~
../Core/Src/main.c:77:9: warning: implicit declaration of function 'sprintf' [-Wimplicit-function-declaration]
   77 |         sprintf(info,"Start: %08lu, time: %08lu, blick: %08lu",startT,endT-startT,counter);
      |         ^~~~~~~
../Core/Src/main.c:26:1: note: include '<stdio.h>' or provide a declaration of 'sprintf'
   25 | #include "string.h"
  +++ |+#include <stdio.h>
   26 | 
../Core/Src/main.c:77:9: warning: incompatible implicit declaration of built-in function 'sprintf' [-Wbuiltin-declaration-mismatch]
   77 |         sprintf(info,"Start: %08lu, time: %08lu, blick: %08lu",startT,endT-startT,counter);
      |         ^~~~~~~
../Core/Src/main.c:77:9: note: include '<stdio.h>' or provide a declaration of 'sprintf'
../Core/Src/main.c:77:17: error: 'info' undeclared (first use in this function)
   77 |         sprintf(info,"Start: %08lu, time: %08lu, blick: %08lu",startT,endT-startT,counter);
      |                 ^~~~
../Core/Src/main.c:77:64: error: 'startT' undeclared (first use in this function)
   77 |         sprintf(info,"Start: %08lu, time: %08lu, blick: %08lu",startT,endT-startT,counter);
      |                                                                ^~~~~~
../Core/Src/main.c:77:83: error: 'counter' undeclared (first use in this function)
   77 |         sprintf(info,"Start: %08lu, time: %08lu, blick: %08lu",startT,endT-startT,counter);
      |                                                                                   ^~~~~~~
../Core/Src/main.c: In function 'main':
../Core/Src/main.c:126:3: warning: incompatible implicit declaration of built-in function 'sprintf' [-Wbuiltin-declaration-mismatch]
  126 |   sprintf(str,"xkdmqwejzvbyluscfhotgnpraxmbtgfwcyzodslkejhvnupqairtmgxocdbzyvwnlkseqjfhurapxodcmgzytbnvkewsljqphurfa");
      |   ^~~~~~~
../Core/Src/main.c:126:3: note: include '<stdio.h>' or provide a declaration of 'sprintf'
../Core/Src/main.c:142:47: error: 'huart' undeclared (first use in this function); did you mean 'huart3'?
  142 |                   err = HAL_UART_Transmit_DMA(huart, pData, Size)(&hlpuart1, (uint8_t *)str, strlen(str), 100);
      |                                               ^~~~~
      |                                               huart3
../Core/Src/main.c:142:54: error: 'pData' undeclared (first use in this function)
  142 |                   err = HAL_UART_Transmit_DMA(huart, pData, Size)(&hlpuart1, (uint8_t *)str, strlen(str), 100);
      |                                                      ^~~~~
../Core/Src/main.c:142:61: error: 'Size' undeclared (first use in this function); did you mean 'size_t'?
  142 |                   err = HAL_UART_Transmit_DMA(huart, pData, Size)(&hlpuart1, (uint8_t *)str, strlen(str), 100);
      |                                                             ^~~~
      |                                                             size_t
../Core/Src/main.c:125:12: warning: unused variable 'endT' [-Wunused-variable]
  125 |   uint32_t endT=0;
      |            ^~~~
../Core/Src/main.c:124:12: warning: variable 'startT' set but not used [-Wunused-but-set-variable]
  124 |   uint32_t startT=0;
      |            ^~~~~~
../Core/Src/main.c:123:8: warning: unused variable 'info' [-Wunused-variable]
  123 |   char info[100];
      |        ^~~~
../Core/Src/main.c:121:8: warning: unused variable 'click' [-Wunused-variable]
  121 |   bool click=false;
      |        ^~~~~
make: *** [Core/Src/subdir.mk:34: Core/Src/main.o] Error 1
"make -j8 all" terminated with exit code 2. Build might be incomplete.
17:00:02 **** Incremental Build of configuration Debug for project project ****
make -j8 all 
arm-none-eabi-gcc "../Core/Src/main.c" -mcpu=cortex-m4 -std=gnu11 -g3 -DDEBUG -DUSE_HAL_DRIVER -DSTM32L4R5xx -c -I../Core/Inc -I../Drivers/STM32L4xx_HAL_Driver/Inc -I../Drivers/STM32L4xx_HAL_Driver/Inc/Legacy -I../Drivers/CMSIS/Device/ST/STM32L4xx/Include -I../Drivers/CMSIS/Include -O0 -ffunction-sections -fdata-sections -Wall -fstack-usage -fcyclomatic-complexity -MMD -MP -MF"Core/Src/main.d" -MT"Core/Src/main.o" --specs=nano.specs -mfpu=fpv4-sp-d16 -mfloat-abi=hard -mthumb -o "Core/Src/main.o"
../Core/Src/main.c: In function 'HAL_UART_TxCpltCallback':
../Core/Src/main.c:83:9: error: 'blik_bool' undeclared (first use in this function)
   83 |         blik_bool = false;
      |         ^~~~~~~~~
../Core/Src/main.c:83:9: note: each undeclared identifier is reported only once for each function it appears in
../Core/Src/main.c:84:9: warning: implicit declaration of function 'sprintf' [-Wimplicit-function-declaration]
   84 |         sprintf(info,"Start: %08lu, time: %08lu, blick: %08lu",startT,endT-startT,counter);
      |         ^~~~~~~
../Core/Src/main.c:26:1: note: include '<stdio.h>' or provide a declaration of 'sprintf'
   25 | #include "string.h"
  +++ |+#include <stdio.h>
   26 | 
../Core/Src/main.c:84:9: warning: incompatible implicit declaration of built-in function 'sprintf' [-Wbuiltin-declaration-mismatch]
   84 |         sprintf(info,"Start: %08lu, time: %08lu, blick: %08lu",startT,endT-startT,counter);
      |         ^~~~~~~
../Core/Src/main.c:84:9: note: include '<stdio.h>' or provide a declaration of 'sprintf'
../Core/Src/main.c: In function 'main':
../Core/Src/main.c:128:3: warning: incompatible implicit declaration of built-in function 'sprintf' [-Wbuiltin-declaration-mismatch]
  128 |   sprintf(str,"xkdmqwejzvbyluscfhotgnpraxmbtgfwcyzodslkejhvnupqairtmgxocdbzyvwnlkseqjfhurapxodcmgzytbnvkewsljqphurfa");
      |   ^~~~~~~
../Core/Src/main.c:128:3: note: include '<stdio.h>' or provide a declaration of 'sprintf'
../Core/Src/main.c:144:47: error: 'huart' undeclared (first use in this function); did you mean 'huart3'?
  144 |                   err = HAL_UART_Transmit_DMA(huart, pData, Size)(&hlpuart1, (uint8_t *)str, strlen(str), 100);
      |                                               ^~~~~
      |                                               huart3
../Core/Src/main.c:144:54: error: 'pData' undeclared (first use in this function)
  144 |                   err = HAL_UART_Transmit_DMA(huart, pData, Size)(&hlpuart1, (uint8_t *)str, strlen(str), 100);
      |                                                      ^~~~~
../Core/Src/main.c:144:61: error: 'Size' undeclared (first use in this function); did you mean 'size_t'?
  144 |                   err = HAL_UART_Transmit_DMA(huart, pData, Size)(&hlpuart1, (uint8_t *)str, strlen(str), 100);
      |                                                             ^~~~
      |                                                             size_t
make: *** [Core/Src/subdir.mk:34: Core/Src/main.o] Error 1
"make -j8 all" terminated with exit code 2. Build might be incomplete.
17:00:25 **** Incremental Build of configuration Debug for project project ****
make -j8 all 
arm-none-eabi-gcc "../Core/Src/main.c" -mcpu=cortex-m4 -std=gnu11 -g3 -DDEBUG -DUSE_HAL_DRIVER -DSTM32L4R5xx -c -I../Core/Inc -I../Drivers/STM32L4xx_HAL_Driver/Inc -I../Drivers/STM32L4xx_HAL_Driver/Inc/Legacy -I../Drivers/CMSIS/Device/ST/STM32L4xx/Include -I../Drivers/CMSIS/Include -O0 -ffunction-sections -fdata-sections -Wall -fstack-usage -fcyclomatic-complexity -MMD -MP -MF"Core/Src/main.d" -MT"Core/Src/main.o" --specs=nano.specs -mfpu=fpv4-sp-d16 -mfloat-abi=hard -mthumb -o "Core/Src/main.o"
../Core/Src/main.c: In function 'HAL_UART_TxCpltCallback':
../Core/Src/main.c:83:9: warning: implicit declaration of function 'sprintf' [-Wimplicit-function-declaration]
   83 |         sprintf(info,"Start: %08lu, time: %08lu, blick: %08lu",startT,endT-startT,counter);
      |         ^~~~~~~
../Core/Src/main.c:26:1: note: include '<stdio.h>' or provide a declaration of 'sprintf'
   25 | #include "string.h"
  +++ |+#include <stdio.h>
   26 | 
../Core/Src/main.c:83:9: warning: incompatible implicit declaration of built-in function 'sprintf' [-Wbuiltin-declaration-mismatch]
   83 |         sprintf(info,"Start: %08lu, time: %08lu, blick: %08lu",startT,endT-startT,counter);
      |         ^~~~~~~
../Core/Src/main.c:83:9: note: include '<stdio.h>' or provide a declaration of 'sprintf'
../Core/Src/main.c: In function 'main':
../Core/Src/main.c:127:3: warning: incompatible implicit declaration of built-in function 'sprintf' [-Wbuiltin-declaration-mismatch]
  127 |   sprintf(str,"xkdmqwejzvbyluscfhotgnpraxmbtgfwcyzodslkejhvnupqairtmgxocdbzyvwnlkseqjfhurapxodcmgzytbnvkewsljqphurfa");
      |   ^~~~~~~
../Core/Src/main.c:127:3: note: include '<stdio.h>' or provide a declaration of 'sprintf'
../Core/Src/main.c:143:47: error: 'huart' undeclared (first use in this function); did you mean 'huart3'?
  143 |                   err = HAL_UART_Transmit_DMA(huart, pData, Size)(&hlpuart1, (uint8_t *)str, strlen(str), 100);
      |                                               ^~~~~
      |                                               huart3
../Core/Src/main.c:143:47: note: each undeclared identifier is reported only once for each function it appears in
../Core/Src/main.c:143:54: error: 'pData' undeclared (first use in this function)
  143 |                   err = HAL_UART_Transmit_DMA(huart, pData, Size)(&hlpuart1, (uint8_t *)str, strlen(str), 100);
      |                                                      ^~~~~
../Core/Src/main.c:143:61: error: 'Size' undeclared (first use in this function); did you mean 'size_t'?
  143 |                   err = HAL_UART_Transmit_DMA(huart, pData, Size)(&hlpuart1, (uint8_t *)str, strlen(str), 100);
      |                                                             ^~~~
      |                                                             size_t
make: *** [Core/Src/subdir.mk:34: Core/Src/main.o] Error 1
"make -j8 all" terminated with exit code 2. Build might be incomplete.
17:00:50 **** Incremental Build of configuration Debug for project project ****
make -j8 all 
arm-none-eabi-gcc "../Core/Src/main.c" -mcpu=cortex-m4 -std=gnu11 -g3 -DDEBUG -DUSE_HAL_DRIVER -DSTM32L4R5xx -c -I../Core/Inc -I../Drivers/STM32L4xx_HAL_Driver/Inc -I../Drivers/STM32L4xx_HAL_Driver/Inc/Legacy -I../Drivers/CMSIS/Device/ST/STM32L4xx/Include -I../Drivers/CMSIS/Include -O0 -ffunction-sections -fdata-sections -Wall -fstack-usage -fcyclomatic-complexity -MMD -MP -MF"Core/Src/main.d" -MT"Core/Src/main.o" --specs=nano.specs -mfpu=fpv4-sp-d16 -mfloat-abi=hard -mthumb -o "Core/Src/main.o"
../Core/Src/main.c: In function 'HAL_UART_TxCpltCallback':
../Core/Src/main.c:83:9: warning: implicit declaration of function 'sprintf' [-Wimplicit-function-declaration]
   83 |         sprintf(info,"Start: %08lu, time: %08lu, blick: %08lu",startT,endT-startT,counter);
      |         ^~~~~~~
../Core/Src/main.c:26:1: note: include '<stdio.h>' or provide a declaration of 'sprintf'
   25 | #include "string.h"
  +++ |+#include <stdio.h>
   26 | 
../Core/Src/main.c:83:9: warning: incompatible implicit declaration of built-in function 'sprintf' [-Wbuiltin-declaration-mismatch]
   83 |         sprintf(info,"Start: %08lu, time: %08lu, blick: %08lu",startT,endT-startT,counter);
      |         ^~~~~~~
../Core/Src/main.c:83:9: note: include '<stdio.h>' or provide a declaration of 'sprintf'
../Core/Src/main.c: In function 'main':
../Core/Src/main.c:127:3: warning: incompatible implicit declaration of built-in function 'sprintf' [-Wbuiltin-declaration-mismatch]
  127 |   sprintf(str,"xkdmqwejzvbyluscfhotgnpraxmbtgfwcyzodslkejhvnupqairtmgxocdbzyvwnlkseqjfhurapxodcmgzytbnvkewsljqphurfa");
      |   ^~~~~~~
../Core/Src/main.c:127:3: note: include '<stdio.h>' or provide a declaration of 'sprintf'
../Core/Src/main.c:143:25: error: too many arguments to function 'HAL_UART_Transmit_DMA'
  143 |                   err = HAL_UART_Transmit_DMA(&hlpuart1, (uint8_t *)str, strlen(str), 100);
      |                         ^~~~~~~~~~~~~~~~~~~~~
In file included from ../Core/Inc/stm32l4xx_hal_conf.h:450,
                 from ../Drivers/STM32L4xx_HAL_Driver/Inc/stm32l4xx_hal.h:29,
                 from ../Core/Inc/main.h:30,
                 from ../Core/Src/main.c:20:
../Drivers/STM32L4xx_HAL_Driver/Inc/stm32l4xx_hal_uart.h:1700:19: note: declared here
 1700 | HAL_StatusTypeDef HAL_UART_Transmit_DMA(UART_HandleTypeDef *huart, const uint8_t *pData, uint16_t Size);
      |                   ^~~~~~~~~~~~~~~~~~~~~
make: *** [Core/Src/subdir.mk:34: Core/Src/main.o] Error 1
"make -j8 all" terminated with exit code 2. Build might be incomplete.
17:01:30 **** Incremental Build of configuration Debug for project project ****
make -j8 all 
arm-none-eabi-gcc "../Core/Src/main.c" -mcpu=cortex-m4 -std=gnu11 -g3 -DDEBUG -DUSE_HAL_DRIVER -DSTM32L4R5xx -c -I../Core/Inc -I../Drivers/STM32L4xx_HAL_Driver/Inc -I../Drivers/STM32L4xx_HAL_Driver/Inc/Legacy -I../Drivers/CMSIS/Device/ST/STM32L4xx/Include -I../Drivers/CMSIS/Include -O0 -ffunction-sections -fdata-sections -Wall -fstack-usage -fcyclomatic-complexity -MMD -MP -MF"Core/Src/main.d" -MT"Core/Src/main.o" --specs=nano.specs -mfpu=fpv4-sp-d16 -mfloat-abi=hard -mthumb -o "Core/Src/main.o"
../Core/Src/main.c: In function 'HAL_UART_TxCpltCallback':
../Core/Src/main.c:83:9: warning: implicit declaration of function 'sprintf' [-Wimplicit-function-declaration]
   83 |         sprintf(info,"Start: %08lu, time: %08lu, blick: %08lu",startT,endT-startT,counter);
      |         ^~~~~~~
../Core/Src/main.c:26:1: note: include '<stdio.h>' or provide a declaration of 'sprintf'
   25 | #include "string.h"
  +++ |+#include <stdio.h>
   26 | 
../Core/Src/main.c:83:9: warning: incompatible implicit declaration of built-in function 'sprintf' [-Wbuiltin-declaration-mismatch]
   83 |         sprintf(info,"Start: %08lu, time: %08lu, blick: %08lu",startT,endT-startT,counter);
      |         ^~~~~~~
../Core/Src/main.c:83:9: note: include '<stdio.h>' or provide a declaration of 'sprintf'
../Core/Src/main.c: In function 'main':
../Core/Src/main.c:127:3: warning: incompatible implicit declaration of built-in function 'sprintf' [-Wbuiltin-declaration-mismatch]
  127 |   sprintf(str,"xkdmqwejzvbyluscfhotgnpraxmbtgfwcyzodslkejhvnupqairtmgxocdbzyvwnlkseqjfhurapxodcmgzytbnvkewsljqphurfa");
      |   ^~~~~~~
../Core/Src/main.c:127:3: note: include '<stdio.h>' or provide a declaration of 'sprintf'
../Core/Src/main.c:127:116: warning: 'xkdmqwejzvbyluscfhotgnpraxmb...' directive writing 101 bytes into a region of size 100 [-Wformat-overflow=]
  127 |   sprintf(str,"xkdmqwejzvbyluscfhotgnpraxmbtgfwcyzodslkejhvnupqairtmgxocdbzyvwnlkseqjfhurapxodcmgzytbnvkewsljqphurfa");
      |                ~~~~~~~~~~~~~~~~~~~~~~~~~~~~~~~~~~~~~~~~~~~~~~~~~~~~~~~~~~~~~~~~~~~~~~~~~~~~~~~~~~~~~~~~~~~~~~~~~~~~^
../Core/Src/main.c:127:3: note: 'sprintf' output 102 bytes into a destination of size 100
  127 |   sprintf(str,"xkdmqwejzvbyluscfhotgnpraxmbtgfwcyzodslkejhvnupqairtmgxocdbzyvwnlkseqjfhurapxodcmgzytbnvkewsljqphurfa");
      |   ^~~~~~~~~~~~~~~~~~~~~~~~~~~~~~~~~~~~~~~~~~~~~~~~~~~~~~~~~~~~~~~~~~~~~~~~~~~~~~~~~~~~~~~~~~~~~~~~~~~~~~~~~~~~~~~~~~~~
arm-none-eabi-gcc -o "project.elf" @"objects.list"   -mcpu=cortex-m4 -T"C:\Users\baron\skola\data\6_semestr\VST_2025_DOLANSKY\project\STM32L4R5ZITX_FLASH.ld" --specs=nosys.specs -Wl,-Map="project.map" -Wl,--gc-sections -static --specs=nano.specs -mfpu=fpv4-sp-d16 -mfloat-abi=hard -mthumb -Wl,--start-group -lc -lm -Wl,--end-group
Finished building target: project.elf
 
arm-none-eabi-size  project.elf 
arm-none-eabi-objdump -h -S project.elf  > "project.list"
   text	   data	    bss	    dec	    hex	filename
  24924	     92	   3860	  28876	   70cc	project.elf
Finished building: default.size.stdout
 
Finished building: project.list
 
17:01:42 **** Incremental Build of configuration Debug for project project ****
make -j8 all 
arm-none-eabi-size  project.elf 
   text	   data	    bss	    dec	    hex	filename
  24924	     92	   3860	  28876	   70cc	project.elf
Finished building: default.size.stdout
 
17:04:44 **** Incremental Build of configuration Debug for project project ****
make -j8 all 
arm-none-eabi-gcc "../Core/Src/main.c" -mcpu=cortex-m4 -std=gnu11 -g3 -DDEBUG -DUSE_HAL_DRIVER -DSTM32L4R5xx -c -I../Core/Inc -I../Drivers/STM32L4xx_HAL_Driver/Inc -I../Drivers/STM32L4xx_HAL_Driver/Inc/Legacy -I../Drivers/CMSIS/Device/ST/STM32L4xx/Include -I../Drivers/CMSIS/Include -O0 -ffunction-sections -fdata-sections -Wall -fstack-usage -fcyclomatic-complexity -MMD -MP -MF"Core/Src/main.d" -MT"Core/Src/main.o" --specs=nano.specs -mfpu=fpv4-sp-d16 -mfloat-abi=hard -mthumb -o "Core/Src/main.o"
../Core/Src/main.c: In function 'main':
../Core/Src/main.c:123:3: warning: implicit declaration of function 'sprintf' [-Wimplicit-function-declaration]
  123 |   sprintf(str,"xkdmqwejzvbyluscfhotgnpraxmbtgfwcyzodslkejhvnupqairtmgxocdbzyvwnlkseqjfhurapxodcmgzytbnvkewsljqphurfa");
      |   ^~~~~~~
../Core/Src/main.c:26:1: note: include '<stdio.h>' or provide a declaration of 'sprintf'
   25 | #include "string.h"
  +++ |+#include <stdio.h>
   26 | 
../Core/Src/main.c:123:3: warning: incompatible implicit declaration of built-in function 'sprintf' [-Wbuiltin-declaration-mismatch]
  123 |   sprintf(str,"xkdmqwejzvbyluscfhotgnpraxmbtgfwcyzodslkejhvnupqairtmgxocdbzyvwnlkseqjfhurapxodcmgzytbnvkewsljqphurfa");
      |   ^~~~~~~
../Core/Src/main.c:123:3: note: include '<stdio.h>' or provide a declaration of 'sprintf'
../Core/Src/main.c:123:116: warning: 'xkdmqwejzvbyluscfhotgnpraxmb...' directive writing 101 bytes into a region of size 100 [-Wformat-overflow=]
  123 |   sprintf(str,"xkdmqwejzvbyluscfhotgnpraxmbtgfwcyzodslkejhvnupqairtmgxocdbzyvwnlkseqjfhurapxodcmgzytbnvkewsljqphurfa");
      |                ~~~~~~~~~~~~~~~~~~~~~~~~~~~~~~~~~~~~~~~~~~~~~~~~~~~~~~~~~~~~~~~~~~~~~~~~~~~~~~~~~~~~~~~~~~~~~~~~~~~~^
../Core/Src/main.c:123:3: note: 'sprintf' output 102 bytes into a destination of size 100
  123 |   sprintf(str,"xkdmqwejzvbyluscfhotgnpraxmbtgfwcyzodslkejhvnupqairtmgxocdbzyvwnlkseqjfhurapxodcmgzytbnvkewsljqphurfa");
      |   ^~~~~~~~~~~~~~~~~~~~~~~~~~~~~~~~~~~~~~~~~~~~~~~~~~~~~~~~~~~~~~~~~~~~~~~~~~~~~~~~~~~~~~~~~~~~~~~~~~~~~~~~~~~~~~~~~~~~
arm-none-eabi-gcc -o "project.elf" @"objects.list"   -mcpu=cortex-m4 -T"C:\Users\baron\skola\data\6_semestr\VST_2025_DOLANSKY\project\STM32L4R5ZITX_FLASH.ld" --specs=nosys.specs -Wl,-Map="project.map" -Wl,--gc-sections -static --specs=nano.specs -mfpu=fpv4-sp-d16 -mfloat-abi=hard -mthumb -Wl,--start-group -lc -lm -Wl,--end-group
Finished building target: project.elf
 
arm-none-eabi-size  project.elf 
arm-none-eabi-objdump -h -S project.elf  > "project.list"
   text	   data	    bss	    dec	    hex	filename
  24944	     92	   3860	  28896	   70e0	project.elf
Finished building: default.size.stdout
 
Finished building: project.list
 
17:06:17 **** Incremental Build of configuration Debug for project project ****
make -j8 all 
arm-none-eabi-gcc "../Core/Src/main.c" -mcpu=cortex-m4 -std=gnu11 -g3 -DDEBUG -DUSE_HAL_DRIVER -DSTM32L4R5xx -c -I../Core/Inc -I../Drivers/STM32L4xx_HAL_Driver/Inc -I../Drivers/STM32L4xx_HAL_Driver/Inc/Legacy -I../Drivers/CMSIS/Device/ST/STM32L4xx/Include -I../Drivers/CMSIS/Include -O0 -ffunction-sections -fdata-sections -Wall -fstack-usage -fcyclomatic-complexity -MMD -MP -MF"Core/Src/main.d" -MT"Core/Src/main.o" --specs=nano.specs -mfpu=fpv4-sp-d16 -mfloat-abi=hard -mthumb -o "Core/Src/main.o"
../Core/Src/main.c: In function 'main':
../Core/Src/main.c:123:3: warning: implicit declaration of function 'sprintf' [-Wimplicit-function-declaration]
  123 |   sprintf(str,"xkdmqwejzvbyluscfhotgnpraxmbtgfwcyzodslkejhvnupqairtmgxocdbzyvwnlkseqjfhurapxodcmgzytbnvkewsljqphurfa");
      |   ^~~~~~~
../Core/Src/main.c:26:1: note: include '<stdio.h>' or provide a declaration of 'sprintf'
   25 | #include "string.h"
  +++ |+#include <stdio.h>
   26 | 
../Core/Src/main.c:123:3: warning: incompatible implicit declaration of built-in function 'sprintf' [-Wbuiltin-declaration-mismatch]
  123 |   sprintf(str,"xkdmqwejzvbyluscfhotgnpraxmbtgfwcyzodslkejhvnupqairtmgxocdbzyvwnlkseqjfhurapxodcmgzytbnvkewsljqphurfa");
      |   ^~~~~~~
../Core/Src/main.c:123:3: note: include '<stdio.h>' or provide a declaration of 'sprintf'
../Core/Src/main.c:123:116: warning: 'xkdmqwejzvbyluscfhotgnpraxmb...' directive writing 101 bytes into a region of size 100 [-Wformat-overflow=]
  123 |   sprintf(str,"xkdmqwejzvbyluscfhotgnpraxmbtgfwcyzodslkejhvnupqairtmgxocdbzyvwnlkseqjfhurapxodcmgzytbnvkewsljqphurfa");
      |                ~~~~~~~~~~~~~~~~~~~~~~~~~~~~~~~~~~~~~~~~~~~~~~~~~~~~~~~~~~~~~~~~~~~~~~~~~~~~~~~~~~~~~~~~~~~~~~~~~~~~^
../Core/Src/main.c:123:3: note: 'sprintf' output 102 bytes into a destination of size 100
  123 |   sprintf(str,"xkdmqwejzvbyluscfhotgnpraxmbtgfwcyzodslkejhvnupqairtmgxocdbzyvwnlkseqjfhurapxodcmgzytbnvkewsljqphurfa");
      |   ^~~~~~~~~~~~~~~~~~~~~~~~~~~~~~~~~~~~~~~~~~~~~~~~~~~~~~~~~~~~~~~~~~~~~~~~~~~~~~~~~~~~~~~~~~~~~~~~~~~~~~~~~~~~~~~~~~~~
arm-none-eabi-gcc -o "project.elf" @"objects.list"   -mcpu=cortex-m4 -T"C:\Users\baron\skola\data\6_semestr\VST_2025_DOLANSKY\project\STM32L4R5ZITX_FLASH.ld" --specs=nosys.specs -Wl,-Map="project.map" -Wl,--gc-sections -static --specs=nano.specs -mfpu=fpv4-sp-d16 -mfloat-abi=hard -mthumb -Wl,--start-group -lc -lm -Wl,--end-group
Finished building target: project.elf
 
arm-none-eabi-size  project.elf 
arm-none-eabi-objdump -h -S project.elf  > "project.list"
   text	   data	    bss	    dec	    hex	filename
  24944	     92	   3860	  28896	   70e0	project.elf
Finished building: default.size.stdout
 
Finished building: project.list
 
17:07:59 **** Incremental Build of configuration Debug for project project ****
make -j8 all 
arm-none-eabi-gcc "../Core/Src/main.c" -mcpu=cortex-m4 -std=gnu11 -g3 -DDEBUG -DUSE_HAL_DRIVER -DSTM32L4R5xx -c -I../Core/Inc -I../Drivers/STM32L4xx_HAL_Driver/Inc -I../Drivers/STM32L4xx_HAL_Driver/Inc/Legacy -I../Drivers/CMSIS/Device/ST/STM32L4xx/Include -I../Drivers/CMSIS/Include -O0 -ffunction-sections -fdata-sections -Wall -fstack-usage -fcyclomatic-complexity -MMD -MP -MF"Core/Src/main.d" -MT"Core/Src/main.o" --specs=nano.specs -mfpu=fpv4-sp-d16 -mfloat-abi=hard -mthumb -o "Core/Src/main.o"
../Core/Src/main.c: In function 'main':
../Core/Src/main.c:123:3: warning: implicit declaration of function 'sprintf' [-Wimplicit-function-declaration]
  123 |   sprintf(str,"xkdmqwejzvbyluscfhotgnpraxmbtgfwcyzodslkejhvnupqairtmgxocdbzyvwnlkseqjfhurapxodcmgzytbnvkewsljqphurfa");
      |   ^~~~~~~
../Core/Src/main.c:26:1: note: include '<stdio.h>' or provide a declaration of 'sprintf'
   25 | #include "string.h"
  +++ |+#include <stdio.h>
   26 | 
../Core/Src/main.c:123:3: warning: incompatible implicit declaration of built-in function 'sprintf' [-Wbuiltin-declaration-mismatch]
  123 |   sprintf(str,"xkdmqwejzvbyluscfhotgnpraxmbtgfwcyzodslkejhvnupqairtmgxocdbzyvwnlkseqjfhurapxodcmgzytbnvkewsljqphurfa");
      |   ^~~~~~~
../Core/Src/main.c:123:3: note: include '<stdio.h>' or provide a declaration of 'sprintf'
../Core/Src/main.c:125:12: warning: unused variable 'now' [-Wunused-variable]
  125 |   uint32_t now=0;
      |            ^~~
../Core/Src/main.c:124:12: warning: unused variable 'waitT' [-Wunused-variable]
  124 |   uint32_t waitT=0;
      |            ^~~~~
../Core/Src/main.c:123:116: warning: 'xkdmqwejzvbyluscfhotgnpraxmb...' directive writing 101 bytes into a region of size 100 [-Wformat-overflow=]
  123 |   sprintf(str,"xkdmqwejzvbyluscfhotgnpraxmbtgfwcyzodslkejhvnupqairtmgxocdbzyvwnlkseqjfhurapxodcmgzytbnvkewsljqphurfa");
      |                ~~~~~~~~~~~~~~~~~~~~~~~~~~~~~~~~~~~~~~~~~~~~~~~~~~~~~~~~~~~~~~~~~~~~~~~~~~~~~~~~~~~~~~~~~~~~~~~~~~~~^
../Core/Src/main.c:123:3: note: 'sprintf' output 102 bytes into a destination of size 100
  123 |   sprintf(str,"xkdmqwejzvbyluscfhotgnpraxmbtgfwcyzodslkejhvnupqairtmgxocdbzyvwnlkseqjfhurapxodcmgzytbnvkewsljqphurfa");
      |   ^~~~~~~~~~~~~~~~~~~~~~~~~~~~~~~~~~~~~~~~~~~~~~~~~~~~~~~~~~~~~~~~~~~~~~~~~~~~~~~~~~~~~~~~~~~~~~~~~~~~~~~~~~~~~~~~~~~~
arm-none-eabi-gcc -o "project.elf" @"objects.list"   -mcpu=cortex-m4 -T"C:\Users\baron\skola\data\6_semestr\VST_2025_DOLANSKY\project\STM32L4R5ZITX_FLASH.ld" --specs=nosys.specs -Wl,-Map="project.map" -Wl,--gc-sections -static --specs=nano.specs -mfpu=fpv4-sp-d16 -mfloat-abi=hard -mthumb -Wl,--start-group -lc -lm -Wl,--end-group
Finished building target: project.elf
 
arm-none-eabi-size  project.elf 
arm-none-eabi-objdump -h -S project.elf  > "project.list"
   text	   data	    bss	    dec	    hex	filename
  24512	     92	   3764	  28368	   6ed0	project.elf
Finished building: default.size.stdout
 
Finished building: project.list
 
17:09:48 **** Incremental Build of configuration Debug for project project ****
make -j8 all 
arm-none-eabi-gcc "../Core/Src/main.c" -mcpu=cortex-m4 -std=gnu11 -g3 -DDEBUG -DUSE_HAL_DRIVER -DSTM32L4R5xx -c -I../Core/Inc -I../Drivers/STM32L4xx_HAL_Driver/Inc -I../Drivers/STM32L4xx_HAL_Driver/Inc/Legacy -I../Drivers/CMSIS/Device/ST/STM32L4xx/Include -I../Drivers/CMSIS/Include -O0 -ffunction-sections -fdata-sections -Wall -fstack-usage -fcyclomatic-complexity -MMD -MP -MF"Core/Src/main.d" -MT"Core/Src/main.o" --specs=nano.specs -mfpu=fpv4-sp-d16 -mfloat-abi=hard -mthumb -o "Core/Src/main.o"
../Core/Src/main.c: In function 'HAL_UART_TxCpltCallback':
../Core/Src/main.c:83:9: warning: implicit declaration of function 'sprintf' [-Wimplicit-function-declaration]
   83 |         sprintf(info,"Start: %08lu, time: %08lu, blick: %08lu",startT,endT-startT,counter);
      |         ^~~~~~~
../Core/Src/main.c:26:1: note: include '<stdio.h>' or provide a declaration of 'sprintf'
   25 | #include "string.h"
  +++ |+#include <stdio.h>
   26 | 
../Core/Src/main.c:83:9: warning: incompatible implicit declaration of built-in function 'sprintf' [-Wbuiltin-declaration-mismatch]
   83 |         sprintf(info,"Start: %08lu, time: %08lu, blick: %08lu",startT,endT-startT,counter);
      |         ^~~~~~~
../Core/Src/main.c:83:9: note: include '<stdio.h>' or provide a declaration of 'sprintf'
../Core/Src/main.c:88:41: error: 'waitT' undeclared (first use in this function); did you mean 'writeT'?
   88 |                                         waitT=HAL_GetTick();
      |                                         ^~~~~
      |                                         writeT
../Core/Src/main.c:88:41: note: each undeclared identifier is reported only once for each function it appears in
../Core/Src/main.c: In function 'main':
../Core/Src/main.c:129:3: warning: incompatible implicit declaration of built-in function 'sprintf' [-Wbuiltin-declaration-mismatch]
  129 |   sprintf(str,"xkdmqwejzvbyluscfhotgnpraxmbtgfwcyzodslkejhvnupqairtmgxocdbzyvwnlkseqjfhurapxodcmgzytbnvkewsljqphurfa");
      |   ^~~~~~~
../Core/Src/main.c:129:3: note: include '<stdio.h>' or provide a declaration of 'sprintf'
make: *** [Core/Src/subdir.mk:34: Core/Src/main.o] Error 1
"make -j8 all" terminated with exit code 2. Build might be incomplete.
17:10:40 **** Incremental Build of configuration Debug for project project ****
make -j8 all 
arm-none-eabi-gcc "../Core/Src/main.c" -mcpu=cortex-m4 -std=gnu11 -g3 -DDEBUG -DUSE_HAL_DRIVER -DSTM32L4R5xx -c -I../Core/Inc -I../Drivers/STM32L4xx_HAL_Driver/Inc -I../Drivers/STM32L4xx_HAL_Driver/Inc/Legacy -I../Drivers/CMSIS/Device/ST/STM32L4xx/Include -I../Drivers/CMSIS/Include -O0 -ffunction-sections -fdata-sections -Wall -fstack-usage -fcyclomatic-complexity -MMD -MP -MF"Core/Src/main.d" -MT"Core/Src/main.o" --specs=nano.specs -mfpu=fpv4-sp-d16 -mfloat-abi=hard -mthumb -o "Core/Src/main.o"
../Core/Src/main.c: In function 'HAL_UART_TxCpltCallback':
../Core/Src/main.c:83:9: warning: implicit declaration of function 'sprintf' [-Wimplicit-function-declaration]
   83 |         sprintf(info,"Start: %08lu, time: %08lu, blick: %08lu",startT,endT-startT,counter);
      |         ^~~~~~~
../Core/Src/main.c:26:1: note: include '<stdio.h>' or provide a declaration of 'sprintf'
   25 | #include "string.h"
  +++ |+#include <stdio.h>
   26 | 
../Core/Src/main.c:83:9: warning: incompatible implicit declaration of built-in function 'sprintf' [-Wbuiltin-declaration-mismatch]
   83 |         sprintf(info,"Start: %08lu, time: %08lu, blick: %08lu",startT,endT-startT,counter);
      |         ^~~~~~~
../Core/Src/main.c:83:9: note: include '<stdio.h>' or provide a declaration of 'sprintf'
../Core/Src/main.c: In function 'main':
../Core/Src/main.c:128:3: warning: incompatible implicit declaration of built-in function 'sprintf' [-Wbuiltin-declaration-mismatch]
  128 |   sprintf(str,"xkdmqwejzvbyluscfhotgnpraxmbtgfwcyzodslkejhvnupqairtmgxocdbzyvwnlkseqjfhurapxodcmgzytbnvkewsljqphurfa");
      |   ^~~~~~~
../Core/Src/main.c:128:3: note: include '<stdio.h>' or provide a declaration of 'sprintf'
../Core/Src/main.c:128:116: warning: 'xkdmqwejzvbyluscfhotgnpraxmb...' directive writing 101 bytes into a region of size 100 [-Wformat-overflow=]
  128 |   sprintf(str,"xkdmqwejzvbyluscfhotgnpraxmbtgfwcyzodslkejhvnupqairtmgxocdbzyvwnlkseqjfhurapxodcmgzytbnvkewsljqphurfa");
      |                ~~~~~~~~~~~~~~~~~~~~~~~~~~~~~~~~~~~~~~~~~~~~~~~~~~~~~~~~~~~~~~~~~~~~~~~~~~~~~~~~~~~~~~~~~~~~~~~~~~~~^
../Core/Src/main.c:128:3: note: 'sprintf' output 102 bytes into a destination of size 100
  128 |   sprintf(str,"xkdmqwejzvbyluscfhotgnpraxmbtgfwcyzodslkejhvnupqairtmgxocdbzyvwnlkseqjfhurapxodcmgzytbnvkewsljqphurfa");
      |   ^~~~~~~~~~~~~~~~~~~~~~~~~~~~~~~~~~~~~~~~~~~~~~~~~~~~~~~~~~~~~~~~~~~~~~~~~~~~~~~~~~~~~~~~~~~~~~~~~~~~~~~~~~~~~~~~~~~~
arm-none-eabi-gcc -o "project.elf" @"objects.list"   -mcpu=cortex-m4 -T"C:\Users\baron\skola\data\6_semestr\VST_2025_DOLANSKY\project\STM32L4R5ZITX_FLASH.ld" --specs=nosys.specs -Wl,-Map="project.map" -Wl,--gc-sections -static --specs=nano.specs -mfpu=fpv4-sp-d16 -mfloat-abi=hard -mthumb -Wl,--start-group -lc -lm -Wl,--end-group
Finished building target: project.elf
 
arm-none-eabi-size  project.elf 
arm-none-eabi-objdump -h -S project.elf  > "project.list"
   text	   data	    bss	    dec	    hex	filename
  24956	     92	   3860	  28908	   70ec	project.elf
Finished building: default.size.stdout
 
Finished building: project.list
 
17:11:43 **** Incremental Build of configuration Debug for project project ****
make -j8 all 
arm-none-eabi-gcc "../Core/Src/main.c" -mcpu=cortex-m4 -std=gnu11 -g3 -DDEBUG -DUSE_HAL_DRIVER -DSTM32L4R5xx -c -I../Core/Inc -I../Drivers/STM32L4xx_HAL_Driver/Inc -I../Drivers/STM32L4xx_HAL_Driver/Inc/Legacy -I../Drivers/CMSIS/Device/ST/STM32L4xx/Include -I../Drivers/CMSIS/Include -O0 -ffunction-sections -fdata-sections -Wall -fstack-usage -fcyclomatic-complexity -MMD -MP -MF"Core/Src/main.d" -MT"Core/Src/main.o" --specs=nano.specs -mfpu=fpv4-sp-d16 -mfloat-abi=hard -mthumb -o "Core/Src/main.o"
../Core/Src/main.c: In function 'HAL_UART_TxCpltCallback':
../Core/Src/main.c:83:9: warning: implicit declaration of function 'sprintf' [-Wimplicit-function-declaration]
   83 |         sprintf(info,"Start: %08lu, time: %08lu, blick: %08lu",startT,endT-startT,counter);
      |         ^~~~~~~
../Core/Src/main.c:26:1: note: include '<stdio.h>' or provide a declaration of 'sprintf'
   25 | #include "string.h"
  +++ |+#include <stdio.h>
   26 | 
../Core/Src/main.c:83:9: warning: incompatible implicit declaration of built-in function 'sprintf' [-Wbuiltin-declaration-mismatch]
   83 |         sprintf(info,"Start: %08lu, time: %08lu, blick: %08lu",startT,endT-startT,counter);
      |         ^~~~~~~
../Core/Src/main.c:83:9: note: include '<stdio.h>' or provide a declaration of 'sprintf'
../Core/Src/main.c: In function 'main':
../Core/Src/main.c:128:3: warning: incompatible implicit declaration of built-in function 'sprintf' [-Wbuiltin-declaration-mismatch]
  128 |   sprintf(str,"xkdmqwejzvbyluscfhotgnpraxmbtgfwcyzodslkejhvnupqairtmgxocdbzyvwnlkseqjfhurapxodcmgzytbnvkewsljqphurfa");
      |   ^~~~~~~
../Core/Src/main.c:128:3: note: include '<stdio.h>' or provide a declaration of 'sprintf'
../Core/Src/main.c:128:116: warning: 'xkdmqwejzvbyluscfhotgnpraxmb...' directive writing 101 bytes into a region of size 100 [-Wformat-overflow=]
  128 |   sprintf(str,"xkdmqwejzvbyluscfhotgnpraxmbtgfwcyzodslkejhvnupqairtmgxocdbzyvwnlkseqjfhurapxodcmgzytbnvkewsljqphurfa");
      |                ~~~~~~~~~~~~~~~~~~~~~~~~~~~~~~~~~~~~~~~~~~~~~~~~~~~~~~~~~~~~~~~~~~~~~~~~~~~~~~~~~~~~~~~~~~~~~~~~~~~~^
../Core/Src/main.c:128:3: note: 'sprintf' output 102 bytes into a destination of size 100
  128 |   sprintf(str,"xkdmqwejzvbyluscfhotgnpraxmbtgfwcyzodslkejhvnupqairtmgxocdbzyvwnlkseqjfhurapxodcmgzytbnvkewsljqphurfa");
      |   ^~~~~~~~~~~~~~~~~~~~~~~~~~~~~~~~~~~~~~~~~~~~~~~~~~~~~~~~~~~~~~~~~~~~~~~~~~~~~~~~~~~~~~~~~~~~~~~~~~~~~~~~~~~~~~~~~~~~
arm-none-eabi-gcc -o "project.elf" @"objects.list"   -mcpu=cortex-m4 -T"C:\Users\baron\skola\data\6_semestr\VST_2025_DOLANSKY\project\STM32L4R5ZITX_FLASH.ld" --specs=nosys.specs -Wl,-Map="project.map" -Wl,--gc-sections -static --specs=nano.specs -mfpu=fpv4-sp-d16 -mfloat-abi=hard -mthumb -Wl,--start-group -lc -lm -Wl,--end-group
Finished building target: project.elf
 
arm-none-eabi-size  project.elf 
arm-none-eabi-objdump -h -S project.elf  > "project.list"
   text	   data	    bss	    dec	    hex	filename
  24956	     92	   3860	  28908	   70ec	project.elf
Finished building: default.size.stdout
 
Finished building: project.list
 
17:12:19 **** Incremental Build of configuration Debug for project project ****
make -j8 all 
arm-none-eabi-size  project.elf 
   text	   data	    bss	    dec	    hex	filename
  24956	     92	   3860	  28908	   70ec	project.elf
Finished building: default.size.stdout
 
